# Command: ./build/test_batch_validation_stress 2 10000
# Working dir: /home/azureuser/mako-eocc
==========================================
Batch Validation Stress Test
==========================================
Threads: 2
Transactions per thread: 10000
Total transactions: 20000

✓ Batch validation: ENABLED
  Batch size: 8

20251103-13:13.21-794704(us) 1582648 * ParseOldFormat  (configuration.cc:66): Using old configuration format
20251103-13:13.21-795360(us) 1582648 * ParseOldFormat  (configuration.cc:66): Using old configuration format
20251103-13:13.21-795716(us) 1582648 * ParseOldFormat  (configuration.cc:66): Using old configuration format
[TRANSPORT] Using default: rrr
20251103-13:13.21-795946(us) 1582648 * Initialize      (rrr_rpc_backend.cc:58): RrrRpcBackend::Initialize: poll_thread_worker_ created, is_some=1
20251103-13:13.21-796058(us) 1582648 * Initialize      (rrr_rpc_backend.cc:88): RrrRpcBackend initialized on 127.0.0.1:31000 (listening on 0.0.0.0:31000)
20251103-13:13.21-796072(us) 1582648 * FastTransport   (fasttransport.cc:116): FastTransport initialized with rrr/rpc backend on 127.0.0.1:31000
20251103-13:13.21-796422(us) 1582648 * ParseOldFormat  (configuration.cc:66): Using old configuration format
new table is createded with name: stress_table_0, table-id: 1, on shard-server id:0
20251103-13:13.21-797718(us) 1582648 * ParseOldFormat  (configuration.cc:66): Using old configuration format
20251103-13:13.21-798053(us) 1582648 * ParseOldFormat  (configuration.cc:66): Using old configuration format
[TRANSPORT] Using default: rrr
20251103-13:13.21-798231(us) 1582648 * Initialize      (rrr_rpc_backend.cc:58): RrrRpcBackend::Initialize: poll_thread_worker_ created, is_some=1
20251103-13:13.21-798290(us) 1582648 * Initialize      (rrr_rpc_backend.cc:88): RrrRpcBackend initialized on 127.0.0.1:31001 (listening on 0.0.0.0:31001)
20251103-13:13.21-798306(us) 1582648 * FastTransport   (fasttransport.cc:116): FastTransport initialized with rrr/rpc backend on 127.0.0.1:31001
20251103-13:13.21-798695(us) 1582648 * ParseOldFormat  (configuration.cc:66): Using old configuration format
new table is createded with name: stress_table_1, table-id: 2, on shard-server id:0
20251103-13:13.21-800825(us) 1582648 * ParseOldFormat  (configuration.cc:66): Using old configuration format
20251103-13:13.21-801336(us) 1582648 * ParseOldFormat  (configuration.cc:66): Using old configuration format
20251103-13:13.21-801692(us) 1582648 * ParseOldFormat  (configuration.cc:66): Using old configuration format
[TRANSPORT] Using default: rrr
20251103-13:13.21-802019(us) 1582648 * ParseOldFormat  (configuration.cc:66): Using old configuration format
20251103-13:13.21-802229(us) 1582648 [TRANSPORT] Using default: rrr
* Initialize      (rrr_rpc_backend.cc:58): RrrRpcBackend::Initialize: poll_thread_worker_ created, is_some=1
20251103-13:13.21-802791(us) 1582648 * Initialize      (rrr_rpc_backend.cc:88): RrrRpcBackend initialized on 127.0.0.1:31002 (listening on 0.0.0.0:31002)
20251103-13:13.21-802809(us) 1582648 * FastTransport   (fasttransport.cc:116): FastTransport initialized with rrr/rpc backend on 127.0.0.1:31002
20251103-13:13.21-803161(us) 1582648 * ParseOldFormat  (configuration.cc:66): Using old configuration format
20251103-13:13.21-803693(us) 1582648 * Initialize      (rrr_rpc_backend.cc:58): RrrRpcBackend::Initialize: poll_thread_worker_ created, is_some=1
20251103-13:13.21-803811(us) 1582648 * Initialize      (rrr_rpc_backend.cc:88): RrrRpcBackend initialized on 127.0.0.1:31003 (listening on 0.0.0.0:31003)
20251103-13:13.21-803830(us) 1582648 * FastTransport   (fasttransport.cc:116): FastTransport initialized with rrr/rpc backend on 127.0.0.1:31003
20251103-13:13.21-804209(us) 1582648 * ParseOldFormat  (configuration.cc:66): Using old configuration format
==========================================
Results
==========================================
Duration: 311 ms (0.311 s)
Committed: 19932
Aborted: 68
Total: 20000
Abort Rate: 0.34%
Throughput: 64090 txns/sec

--- batch_validation_counters ---
batch_validations: count=10904
batch_validated_txns: count=19932
batch_finalize_phase_us: count=10904, max=165, avg=4.77
avg_batch_size: count=10904, max=2, avg=1.83
avg_batch_validation_time_us: count=10904, max=552, avg=6.91
sto_batch_phase_build_us: count=10904, max=193, avg=0.02
sto_batch_phase_reorder_us: count=9028, max=194, avg=1.98
sto_batch_phase_finalize_us: count=10904, max=165, avg=4.77
--- txn_reorder_counters ---
txn_reorder_attempts: count=9028
--- storage_reorder_counters ---

# Exit code: 0
