# Command: ./build/test_batch_validation_stress 2 10000
# Working dir: /home/azureuser/mako-eocc
==========================================
Batch Validation Stress Test
==========================================
Threads: 2
Transactions per thread: 10000
Total transactions: 20000

✓ Batch validation: ENABLED
  Batch size: 8

20251103-12:27.57-133961(us) 1551851 * ParseOldFormat  (configuration.cc:66): Using old configuration format
20251103-12:27.57-134556(us) 1551851 * ParseOldFormat  (configuration.cc:66): Using old configuration format
20251103-12:27.57-134895(us) 1551851 * ParseOldFormat  (configuration.cc:66): Using old configuration format
[TRANSPORT] Using default: rrr
20251103-12:27.57-135129(us) 1551851 * Initialize      (rrr_rpc_backend.cc:58): RrrRpcBackend::Initialize: poll_thread_worker_ created, is_some=1
20251103-12:27.57-135233(us) 1551851 * Initialize      (rrr_rpc_backend.cc:88): RrrRpcBackend initialized on 127.0.0.1:31000 (listening on 0.0.0.0:31000)
20251103-12:27.57-135246(us) 1551851 * FastTransport   (fasttransport.cc:116): FastTransport initialized with rrr/rpc backend on 127.0.0.1:31000
20251103-12:27.57-135597(us) 1551851 * ParseOldFormat  (configuration.cc:66): Using old configuration format
new table is createded with name: stress_table_0, table-id: 1, on shard-server id:0
20251103-12:27.57-136816(us) 1551851 * ParseOldFormat  (configuration.cc:66): Using old configuration format
20251103-12:27.57-137147(us) 1551851 * ParseOldFormat  (configuration.cc:66): Using old configuration format
[TRANSPORT] Using default: rrr
20251103-12:27.57-137331(us) 1551851 * Initialize      (rrr_rpc_backend.cc:58): RrrRpcBackend::Initialize: poll_thread_worker_ created, is_some=1
20251103-12:27.57-137386(us) 1551851 * Initialize      (rrr_rpc_backend.cc:88): RrrRpcBackend initialized on 127.0.0.1:31001 (listening on 0.0.0.0:31001)
20251103-12:27.57-137403(us) 1551851 * FastTransport   (fasttransport.cc:116): FastTransport initialized with rrr/rpc backend on 127.0.0.1:31001
20251103-12:27.57-137785(us) 1551851 * ParseOldFormat  (configuration.cc:66): Using old configuration format
new table is createded with name: stress_table_1, table-id: 2, on shard-server id:0
20251103-12:27.57-140357(us) 1551851 * ParseOldFormat  (configuration.cc:66): Using old configuration format
20251103-12:27.57-140937(us) 1551851 * ParseOldFormat  (configuration.cc:66): Using old configuration format
20251103-12:27.57-141021(us) 1551851 * ParseOldFormat  (configuration.cc:66): Using old configuration format
[TRANSPORT] Using default: rrr
20251103-12:27.57-141205(us) 1551851 * Initialize      (rrr_rpc_backend.cc:58): RrrRpcBackend::Initialize: poll_thread_worker_ created, is_some=1
20251103-12:27.57-141259(us) 1551851 * Initialize      (rrr_rpc_backend.cc:88): RrrRpcBackend initialized on 127.0.0.1:31002 (listening on 0.0.0.0:31002)
20251103-12:27.57-141271(us) 1551851 * FastTransport   (fasttransport.cc:116): FastTransport initialized with rrr/rpc backend on 127.0.0.1:31002
20251103-12:27.57-141900(us) 1551851 * ParseOldFormat  (configuration.cc:66): Using old configuration format
[TRANSPORT] Using default: rrr
20251103-12:27.57-142387(us) 1551851 * ParseOldFormat  (configuration.cc:66): Using old configuration format
20251103-12:27.57-142693(us) 1551851 * Initialize      (rrr_rpc_backend.cc:58): RrrRpcBackend::Initialize: poll_thread_worker_ created, is_some=1
20251103-12:27.57-142744(us) 1551851 * Initialize      (rrr_rpc_backend.cc:88): RrrRpcBackend initialized on 127.0.0.1:31003 (listening on 0.0.0.0:31003)
20251103-12:27.57-142756(us) 1551851 * FastTransport   (fasttransport.cc:116): FastTransport initialized with rrr/rpc backend on 127.0.0.1:31003
20251103-12:27.57-143201(us) 1551851 * ParseOldFormat  (configuration.cc:66): Using old configuration format
==========================================
Results
==========================================
Duration: 295 ms (0.295 s)
Committed: 19932
Aborted: 68
Total: 20000
Abort Rate: 0.34%
Throughput: 67566 txns/sec

--- batch_validation_counters ---
batch_validations: count=10599
batch_validated_txns: count=19932
batch_finalize_phase_us: count=10599, max=593, avg=4.72
avg_batch_size: count=10599, max=2, avg=1.88
avg_batch_validation_time_us: count=10599, max=683, avg=6.87
sto_batch_phase_build_us: count=10599, max=366, avg=0.04
sto_batch_phase_reorder_us: count=9333, max=69, avg=2.00
sto_batch_phase_finalize_us: count=10599, max=593, avg=4.72
--- txn_reorder_counters ---
txn_reorder_attempts: count=9333
--- storage_reorder_counters ---

# Exit code: 0
